
> relisted@0.1.0 build
> next build

node.exe : [baseline-browser-mapping] The data in this module is over two 
months old.  To ensure accurate Baseline data, please update: `npm i 
baseline-browser-mapping@latest -D`
At line:1 char:1
+ & "C:\Program Files\nodejs/node.exe" "C:\Program Files\nodejs/node_mo ...
+ ~~~~~~~~~~~~~~~~~~~~~~~~~~~~~~~~~~~~~~~~~~~~~~~~~~~~~~~~~~~~~~~~~~~~~
    + CategoryInfo          : NotSpecified: ([baseline-brows...ping@latest -D` 
   :String) [], RemoteException
    + FullyQualifiedErrorId : NativeCommandError
 
   Γû▓ Next.js 16.0.7 (Turbopack)
   - Environments: .env
   - Experiments (use with caution):
     ┬╖ serverActions

   Creating an optimized production build ...
[baseline-browser-mapping] The data in this module is over two months old.  To 
ensure accurate Baseline data, please update: `npm i 
baseline-browser-mapping@latest -D`
 Γ£ô Compiled successfully in 109s
   Running TypeScript ...
   Collecting page data using 3 workers ...
[baseline-browser-mapping] The data in this module is over two months old.  To 
ensure accurate Baseline data, please update: `npm i 
baseline-browser-mapping@latest -D`
[baseline-browser-mapping] The data in this module is over two months old.  To 
ensure accurate Baseline data, please update: `npm i 
baseline-browser-mapping@latest -D`
[baseline-browser-mapping] The data in this module is over two months old.  To 
ensure accurate Baseline data, please update: `npm i 
baseline-browser-mapping@latest -D`
   Generating static pages using 3 workers (0/2) ...
[baseline-browser-mapping] The data in this module is over two months old.  To 
ensure accurate Baseline data, please update: `npm i 
baseline-browser-mapping@latest -D`
 Γ£ô Generating static pages using 3 workers (2/2) in 13.4s
   Finalizing page optimization ...

Route (app)
Γöî ╞Æ /
Γö£ ╞Æ /_not-found
Γö£ ╞Æ /about
Γö£ ╞Æ /admin/dashboard
Γö£ ╞Æ /admin/listings
Γö£ ╞Æ /admin/orders
Γö£ ╞Æ /admin/users
Γö£ ╞Æ /admin/users/[id]
Γö£ ╞Æ /auth/create-account
Γö£ ╞Æ /auth/create-account/sign-up
Γö£ ╞Æ /auth/create-new-password
Γö£ ╞Æ /auth/forgot-password
Γö£ ╞Æ /auth/OTP
Γö£ ╞Æ /auth/profile-complete
Γö£ ╞Æ /auth/profile-setup
Γö£ ╞Æ /auth/sign-in
Γö£ ╞Æ /auth/verify-email
Γö£ ╞Æ /contact-us
Γö£ ╞Æ /dev
Γö£ ╞Æ /dressers/account
Γö£ ╞Æ /dressers/dispute
Γö£ ╞Æ /dressers/favourites
Γö£ ╞Æ /dressers/orders
Γö£ ╞Æ /dressers/wallet
Γö£ ╞Æ /how-it-works
Γö£ ╞Æ /lister-profile
Γö£ ╞Æ /listers/dashboard
Γö£ ╞Æ /listers/dispute
Γö£ ╞Æ /listers/inventory
Γö£ ╞Æ /listers/inventory/product-details/[id]
Γö£ ╞Æ /listers/inventory/product-edit/[id]
Γö£ ╞Æ /listers/inventory/product-upload
Γö£ ╞Æ /listers/orders
Γö£ ╞Æ /listers/orders/id
Γö£ ╞Æ /listers/settings
Γö£ ╞Æ /listers/wallet
Γö£ ╞Æ /shop
Γö£ ╞Æ /shop/cart
Γö£ ╞Æ /shop/cart/checkout
Γö£ ╞Æ /shop/cart/checkout/success
Γö£ ╞Æ /shop/product-details
Γö£ ╞Æ /shop/product-details/[id]
Γöö ╞Æ /waitlist


╞Æ  (Dynamic)  server-rendered on demand

